2025-10-20 03:35:50,443 [WARNING] root: Some vision libraries are not installed: No module named 'mediapipe'
2025-10-20 03:35:50,614 [INFO] handclose: Loaded whitelist: ['explorer.exe', 'System', 'wininit.exe', 'services.exe', 'svchost.exe']
2025-10-20 03:35:50,614 [ERROR] handclose: Failed to initialize HandDetector: OpenCV and MediaPipe are required for HandDetector
Traceback (most recent call last):
  File "C:\Users\allah\Desktop\handengineering\main.py", line 131, in main
    detector = HandDetector(min_detection_confidence=args.confidence, min_tracking_confidence=0.5)
  File "C:\Users\allah\Desktop\handengineering\hand_detector.py", line 33, in __init__
    raise ImportError("OpenCV and MediaPipe are required for HandDetector")
ImportError: OpenCV and MediaPipe are required for HandDetector
2025-10-20 03:40:05,054 [INFO] handclose: Loaded whitelist: ['explorer.exe', 'System', 'wininit.exe', 'services.exe', 'svchost.exe']
2025-10-20 03:40:05,180 [ERROR] handclose: Cannot open camera index 0
2025-10-20 03:40:10,282 [WARNING] root: Some vision libraries are not installed: No module named 'mediapipe'
2025-10-20 03:40:10,314 [INFO] handclose: Loaded whitelist: ['explorer.exe', 'System', 'wininit.exe', 'services.exe', 'svchost.exe']
2025-10-20 03:40:10,314 [ERROR] handclose: Failed to initialize HandDetector: OpenCV and MediaPipe are required for HandDetector
Traceback (most recent call last):
  File "C:\Users\allah\Desktop\handengineering\main.py", line 131, in main
    detector = HandDetector(min_detection_confidence=args.confidence, min_tracking_confidence=0.5)
  File "C:\Users\allah\Desktop\handengineering\hand_detector.py", line 33, in __init__
    raise ImportError("OpenCV and MediaPipe are required for HandDetector")
ImportError: OpenCV and MediaPipe are required for HandDetector
2025-10-20 03:40:34,183 [INFO] handclose: Loaded whitelist: ['explorer.exe', 'System', 'wininit.exe', 'services.exe', 'svchost.exe']
2025-10-20 03:40:34,233 [ERROR] handclose: Cannot open camera index 0
2025-10-20 03:43:26,211 [INFO] handclose: Loaded whitelist: ['explorer.exe', 'System', 'wininit.exe', 'services.exe', 'svchost.exe']
2025-10-20 03:43:26,579 [INFO] handclose: Starting camera loop. Simulate=True AutoExec=False RequireConfirmation=True Source=index:0/auto
2025-10-20 03:43:36,540 [INFO] handclose: Quitting by user request.
2025-10-20 03:43:41,655 [INFO] handclose: Loaded whitelist: ['explorer.exe', 'System', 'wininit.exe', 'services.exe', 'svchost.exe']
2025-10-20 03:43:41,673 [ERROR] handclose: Cannot open camera index 1 (backend=dshow)
2025-10-20 03:44:12,332 [INFO] handclose: Loaded whitelist: ['explorer.exe', 'System', 'wininit.exe', 'services.exe', 'svchost.exe']
2025-10-20 03:44:13,514 [ERROR] handclose: Cannot open camera URL http://192.168.1.8:4747/video
2025-10-20 03:46:03,786 [INFO] handclose: Loaded whitelist: ['explorer.exe', 'System', 'wininit.exe', 'services.exe', 'svchost.exe']
2025-10-20 03:46:04,377 [INFO] handclose: Starting camera loop. Simulate=True AutoExec=False RequireConfirmation=True Source=index:0/auto
2025-10-20 03:47:11,824 [INFO] handclose: Quitting by user request.
2025-10-20 03:47:18,317 [INFO] handclose: Camera probe results (index, backend, opened, got_frame): [(0, 'dshow', False, False), (0, 'msmf', True, True), (1, 'dshow', False, False), (1, 'msmf', False, False), (2, 'dshow', False, False), (2, 'msmf', False, False), (3, 'dshow', False, False), (3, 'msmf', False, False), (4, 'dshow', False, False), (4, 'msmf', False, False), (5, 'dshow', False, False), (5, 'msmf', False, False), (6, 'dshow', False, False), (6, 'msmf', False, False), (7, 'dshow', False, False), (7, 'msmf', False, False), (8, 'dshow', False, False), (8, 'msmf', False, False), (9, 'dshow', False, False), (9, 'msmf', False, False), (10, 'dshow', False, False), (10, 'msmf', False, False)]
2025-10-20 03:50:30,736 [INFO] handclose: Loaded whitelist: ['explorer.exe', 'System', 'wininit.exe', 'services.exe', 'svchost.exe']
2025-10-20 03:50:30,743 [INFO] handclose: Probing URL variants: ['http://192.168.1.8:4747/video', 'http://192.168.1.8:4747/mjpegfeed', 'http://192.168.1.8:4747/stream/video.mjpeg', 'http://192.168.1.8:4747/video?1280x720', 'http://192.168.1.8:4747/video?960x540', 'http://192.168.1.8:4747/video?640x480', 'http://192.168.1.8:4747/video?w=1280&h=720&fps=30']
2025-10-20 03:50:41,351 [ERROR] handclose: Cannot open camera URL http://192.168.1.8:4747/video (try --probe-url or alternate endpoints like /mjpegfeed).
2025-10-20 03:51:06,191 [INFO] handclose: Loaded whitelist: ['explorer.exe', 'System', 'wininit.exe', 'services.exe', 'svchost.exe']
2025-10-20 03:51:06,200 [INFO] handclose: Probing URL variants: ['http://192.168.1.8:4747/video', 'http://192.168.1.8:4747/mjpegfeed', 'http://192.168.1.8:4747/stream/video.mjpeg', 'http://192.168.1.8:4747/video?1280x720', 'http://192.168.1.8:4747/video?960x540', 'http://192.168.1.8:4747/video?640x480', 'http://192.168.1.8:4747/video?w=1280&h=720&fps=30']
2025-10-20 03:51:16,719 [ERROR] handclose: Cannot open camera URL http://192.168.1.8:4747/video (try --probe-url or alternate endpoints like /mjpegfeed).
2025-10-20 03:52:42,870 [INFO] handclose: Loaded whitelist: ['explorer.exe', 'System', 'wininit.exe', 'services.exe', 'svchost.exe']
2025-10-20 03:52:42,877 [INFO] handclose: Probing URL variants: ['http://192.168.1.8:4747/video', 'http://192.168.1.8:4747/mjpegfeed', 'http://192.168.1.8:4747/stream/video.mjpeg', 'http://192.168.1.8:4747/video?1280x720', 'http://192.168.1.8:4747/video?960x540', 'http://192.168.1.8:4747/video?640x480', 'http://192.168.1.8:4747/video?w=1280&h=720&fps=30']
2025-10-20 03:52:53,048 [ERROR] handclose: Cannot open camera URL http://192.168.1.8:4747/video (try --probe-url or alternate endpoints like /mjpegfeed).
2025-10-20 03:52:56,619 [INFO] handclose: Loaded whitelist: ['explorer.exe', 'System', 'wininit.exe', 'services.exe', 'svchost.exe']
2025-10-20 03:52:58,292 [ERROR] handclose: Cannot open camera URL http://192.168.1.8:4747/mjpegfeed (try --probe-url or alternate endpoints like /mjpegfeed).
2025-10-20 03:53:08,614 [INFO] handclose: Camera probe results (index, backend, opened, got_frame): [(0, 'dshow', False, False), (0, 'msmf', True, True), (1, 'dshow', False, False), (1, 'msmf', False, False), (2, 'dshow', False, False), (2, 'msmf', False, False), (3, 'dshow', False, False), (3, 'msmf', False, False), (4, 'dshow', False, False), (4, 'msmf', False, False), (5, 'dshow', False, False), (5, 'msmf', False, False), (6, 'dshow', False, False), (6, 'msmf', False, False), (7, 'dshow', False, False), (7, 'msmf', False, False), (8, 'dshow', False, False), (8, 'msmf', False, False), (9, 'dshow', False, False), (9, 'msmf', False, False), (10, 'dshow', False, False), (10, 'msmf', False, False)]
2025-10-20 03:53:56,547 [INFO] handclose: Loaded whitelist: ['explorer.exe', 'System', 'wininit.exe', 'services.exe', 'svchost.exe']
2025-10-20 03:53:57,088 [INFO] handclose: Starting camera loop. Simulate=True AutoExec=False RequireConfirmation=True Source=index:0/msmf
2025-10-20 03:54:05,473 [INFO] handclose: Quitting by user request.
2025-10-20 03:54:07,613 [INFO] handclose: Loaded whitelist: ['explorer.exe', 'System', 'wininit.exe', 'services.exe', 'svchost.exe']
2025-10-20 03:54:08,026 [INFO] handclose: Starting camera loop. Simulate=True AutoExec=False RequireConfirmation=True Source=index:0/msmf
2025-10-20 03:55:46,803 [INFO] handclose: Quitting by user request.
2025-10-20 04:01:07,153 [INFO] handclose: Loaded whitelist: ['explorer.exe', 'System', 'wininit.exe', 'services.exe', 'svchost.exe']
2025-10-20 04:01:07,661 [INFO] handclose: Starting camera loop. Simulate=True AutoExec=False RequireConfirmation=True Source=index:0/msmf
2025-10-20 04:01:14,211 [INFO] handclose: Quitting by user request.
2025-10-20 04:01:28,264 [INFO] handclose: Loaded whitelist: ['explorer.exe', 'System', 'wininit.exe', 'services.exe', 'svchost.exe']
2025-10-20 04:01:29,668 [ERROR] handclose: Cannot open camera URL http://192.168.1.8:4747/mjpegfeed (try --probe-url or alternate endpoints like /mjpegfeed).
2025-10-20 04:01:47,421 [INFO] handclose: Loaded whitelist: ['explorer.exe', 'System', 'wininit.exe', 'services.exe', 'svchost.exe']
2025-10-20 04:01:47,910 [INFO] handclose: Starting camera loop. Simulate=True AutoExec=False RequireConfirmation=True Source=index:0/msmf
2025-10-20 04:01:52,727 [INFO] handclose: Quitting by user request.
2025-10-20 04:06:02,868 [INFO] handclose: Loaded whitelist: ['explorer.exe', 'System', 'wininit.exe', 'services.exe', 'svchost.exe']
2025-10-20 04:06:03,460 [INFO] handclose: Starting camera loop. Simulate=True AutoExec=False RequireConfirmation=True Source=index:0/auto
2025-10-20 04:06:10,883 [INFO] handclose: Gesture triggered at 1760922370.883714 (info={'state': 'FIST', 'ts': 1760922370.883714, 'note': 'triggered'})
2025-10-20 04:06:10,883 [INFO] handclose: Auto-exec disabled: will not perform closures. (simulate=True)
2025-10-20 04:06:55,148 [INFO] handclose: Gesture triggered at 1760922415.148938 (info={'state': 'FIST', 'ts': 1760922415.148938, 'note': 'triggered'})
2025-10-20 04:06:55,148 [INFO] handclose: Auto-exec disabled: will not perform closures. (simulate=True)
2025-10-20 04:07:15,211 [INFO] handclose: Gesture triggered at 1760922435.2115297 (info={'state': 'FIST', 'ts': 1760922435.2115297, 'note': 'triggered'})
2025-10-20 04:07:15,212 [INFO] handclose: Auto-exec disabled: will not perform closures. (simulate=True)
2025-10-20 04:08:10,584 [INFO] handclose: Gesture triggered at 1760922490.5844333 (info={'state': 'FIST', 'ts': 1760922490.5844333, 'note': 'triggered'})
2025-10-20 04:08:10,584 [INFO] handclose: Auto-exec disabled: will not perform closures. (simulate=True)
2025-10-20 04:08:20,471 [INFO] handclose: Quitting by user request.
2025-10-20 04:10:48,172 [INFO] handclose: Loaded whitelist: ['explorer.exe', 'System', 'wininit.exe', 'services.exe', 'svchost.exe']
2025-10-20 04:10:48,470 [INFO] handclose: Starting camera loop. Simulate=True AutoExec=False RequireConfirmation=True Source=index:0/msmf
2025-10-20 04:10:55,684 [INFO] handclose: Gesture triggered at 1760922655.6827624 (info={'state': 'FIST', 'ts': 1760922655.6827624, 'note': 'triggered'})
2025-10-20 04:10:55,684 [INFO] handclose: Auto-exec disabled: will not perform closures. (simulate=True)
2025-10-20 04:11:07,977 [INFO] handclose: Gesture triggered at 1760922667.975274 (info={'state': 'FIST', 'ts': 1760922667.975274, 'note': 'triggered'})
2025-10-20 04:11:07,977 [INFO] handclose: Auto-exec disabled: will not perform closures. (simulate=True)
2025-10-20 04:11:36,046 [INFO] handclose: Quitting by user request.
2025-10-20 04:11:43,755 [INFO] handclose: Loaded whitelist: ['explorer.exe', 'System', 'wininit.exe', 'services.exe', 'svchost.exe']
2025-10-20 04:11:44,040 [INFO] handclose: Starting camera loop. Simulate=False AutoExec=True RequireConfirmation=True Source=index:0/auto
2025-10-20 04:11:53,122 [INFO] handclose: Gesture triggered at 1760922713.120647 (info={'state': 'FIST', 'ts': 1760922713.120647, 'note': 'triggered'})
2025-10-20 04:12:07,343 [INFO] handclose: Gesture triggered at 1760922727.3419373 (info={'state': 'FIST', 'ts': 1760922727.3419373, 'note': 'triggered'})
2025-10-20 04:14:08,164 [INFO] handclose: Gesture triggered at 1760922848.1627815 (info={'state': 'FIST', 'ts': 1760922848.1627815, 'note': 'triggered'})
2025-10-20 04:14:52,832 [INFO] handclose: Quitting by user request.
2025-10-20 04:14:56,850 [INFO] handclose: Loaded whitelist: ['explorer.exe', 'System', 'wininit.exe', 'services.exe', 'svchost.exe', '# === СИСТЕМНЫЕ ПРОЦЕССЫ (не трогаем никогда) ===', 'System', 'Registry', 'Memory Compression', 'smss.exe', 'csrss.exe', 'wininit.exe', 'winlogon.exe', 'services.exe', 'lsass.exe', 'svchost.exe', 'explorer.exe', 'spoolsv.exe', 'dwm.exe', 'fontdrvhost.exe', 'ctfmon.exe', 'taskhostw.exe', 'RuntimeBroker.exe', 'ShellExperienceHost.exe', 'SearchApp.exe', 'StartMenuExperienceHost.exe', '# === ОСНОВНЫЕ ДРАЙВЕРЫ / КАМЕРА ===', 'DroidCam.exe', 'DroidCamApp.exe', 'DroidCamClient.exe', 'droidcam_service.exe', '# === СЕТЕВЫЕ ИНТЕРФЕЙСЫ / АНТИВИРУС / СЛУЖБЫ ===', 'SecurityHealthService.exe', 'SecurityHealthSystray.exe', 'MsMpEng.exe', 'nvcontainer.exe', 'nvidia-container.exe', 'audiodg.exe', 'sihost.exe', 'winlogon.exe', 'conhost.exe', '# === ПОЛЬЗОВАТЕЛЬСКИЕ ПРИЛОЖЕНИЯ (ОСТАВИТЬ В РАБОТЕ) ===', '# Яндекс.Браузер', 'browser.exe', 'yandex.exe', 'YandexBrowser.exe', '# OBS Studio', 'obs64.exe', 'obs32.exe', '# Discord', 'Discord.exe', '# Steam', 'steam.exe', 'steamservice.exe', 'steamwebhelper.exe', '# Visual Studio Code (если используешь IDE)', 'Code.exe', '# Telegram Desktop (на случай если он запущен)', 'Telegram.exe', 'telegram.exe', '# === ДРУГОЕ (можно добавить по желанию) ===', '# chrome.exe', '# firefox.exe', '# vivaldi.exe', '# msedge.exe']
2025-10-20 04:14:57,152 [INFO] handclose: Starting camera loop. Simulate=False AutoExec=True RequireConfirmation=True Source=index:0/auto
2025-10-20 04:15:00,245 [INFO] handclose: Gesture triggered at 1760922900.243219 (info={'state': 'FIST', 'ts': 1760922900.243219, 'note': 'triggered'})
2025-10-20 04:15:02,635 [INFO] handclose: Quitting by user request.
2025-10-20 04:16:35,718 [INFO] handclose: Loaded whitelist: ['explorer.exe', 'System', 'wininit.exe', 'services.exe', 'svchost.exe', '# === СИСТЕМНЫЕ ПРОЦЕССЫ (не трогаем никогда) ===', 'System', 'Registry', 'Memory Compression', 'smss.exe', 'csrss.exe', 'wininit.exe', 'winlogon.exe', 'services.exe', 'lsass.exe', 'svchost.exe', 'explorer.exe', 'spoolsv.exe', 'dwm.exe', 'fontdrvhost.exe', 'ctfmon.exe', 'taskhostw.exe', 'RuntimeBroker.exe', 'ShellExperienceHost.exe', 'SearchApp.exe', 'StartMenuExperienceHost.exe', '# === ОСНОВНЫЕ ДРАЙВЕРЫ / КАМЕРА ===', 'DroidCam.exe', 'DroidCamApp.exe', 'DroidCamClient.exe', 'droidcam_service.exe', '# === СЕТЕВЫЕ ИНТЕРФЕЙСЫ / АНТИВИРУС / СЛУЖБЫ ===', 'SecurityHealthService.exe', 'SecurityHealthSystray.exe', 'MsMpEng.exe', 'nvcontainer.exe', 'nvidia-container.exe', 'audiodg.exe', 'sihost.exe', 'winlogon.exe', 'conhost.exe', '# === ПОЛЬЗОВАТЕЛЬСКИЕ ПРИЛОЖЕНИЯ (ОСТАВИТЬ В РАБОТЕ) ===', '# Яндекс.Браузер', 'browser.exe', 'yandex.exe', 'YandexBrowser.exe', '# OBS Studio', 'obs64.exe', 'obs32.exe', '# Discord', 'Discord.exe', '# Steam', 'steam.exe', 'steamservice.exe', 'steamwebhelper.exe', '# Visual Studio Code (если используешь IDE)', 'Code.exe', '# Telegram Desktop (на случай если он запущен)', 'Telegram.exe', 'telegram.exe', '# === ДРУГОЕ (можно добавить по желанию) ===', '# chrome.exe', '# firefox.exe', '# vivaldi.exe', '# msedge.exe']
2025-10-20 04:16:36,125 [INFO] handclose: Starting camera loop. Simulate=False AutoExec=True RequireConfirmation=True Source=index:0/auto
2025-10-20 04:16:40,032 [INFO] handclose: Gesture triggered at 1760923000.0307767 (info={'state': 'FIST', 'ts': 1760923000.0307767, 'note': 'triggered'})
2025-10-20 04:16:43,362 [INFO] handclose: Candidates to close: [('HandClose (Press Q to quit)', 'python.exe'), ('Яндекс Музыка — собираем музыку для вас', 'Яндекс Музыка.exe'), ('Microsoft Text Input Application', 'TextInputHost.exe'), ('NVIDIA GeForce Overlay', 'NVIDIA Overlay.exe')]
2025-10-20 04:16:43,366 [INFO] app_manager: Posting WM_CLOSE to hwnd=2295410 title=HandClose (Press Q to quit)
2025-10-20 04:16:47,450 [WARNING] app_manager: Process pid=11236 did not exit after WM_CLOSE — forcing termination
2025-10-20 04:19:11,276 [INFO] handclose: Loaded whitelist: ['explorer.exe', 'System', 'wininit.exe', 'services.exe', 'svchost.exe', 'System', 'Registry', 'Memory Compression', 'smss.exe', 'csrss.exe', 'wininit.exe', 'winlogon.exe', 'services.exe', 'lsass.exe', 'svchost.exe', 'explorer.exe', 'spoolsv.exe', 'dwm.exe', 'fontdrvhost.exe', 'ctfmon.exe', 'taskhostw.exe', 'RuntimeBroker.exe', 'ShellExperienceHost.exe', 'SearchApp.exe', 'StartMenuExperienceHost.exe', 'DroidCam.exe', 'DroidCamApp.exe', 'DroidCamClient.exe', 'droidcam_service.exe', 'SecurityHealthService.exe', 'SecurityHealthSystray.exe', 'MsMpEng.exe', 'nvcontainer.exe', 'nvidia-container.exe', 'audiodg.exe', 'sihost.exe', 'winlogon.exe', 'conhost.exe', 'browser.exe', 'yandex.exe', 'YandexBrowser.exe', 'obs64.exe', 'obs32.exe', 'Discord.exe', 'steam.exe', 'steamservice.exe', 'steamwebhelper.exe', 'Code.exe', 'Telegram.exe', 'telegram.exe']
2025-10-20 04:19:11,705 [INFO] handclose: Starting camera loop. Simulate=False AutoExec=True RequireConfirmation=True Source=index:0/auto
2025-10-20 04:19:16,219 [INFO] handclose: Gesture triggered at 1760923156.2160227 (info={'state': 'FIST', 'ts': 1760923156.2160227, 'note': 'triggered'})
2025-10-20 04:19:19,094 [INFO] handclose: Candidates to close: [('Яндекс Музыка — собираем музыку для вас', 'Яндекс Музыка.exe')]
2025-10-20 04:19:19,100 [INFO] app_manager: Posting WM_CLOSE to hwnd=459488 title=Яндекс Музыка — собираем музыку для вас
2025-10-20 04:19:19,513 [INFO] handclose: Close result: {'entry': {'hwnd': 459488, 'pid': 15332, 'exe': 'Яндекс Музыка.exe', 'title': 'Яндекс Музыка — собираем музыку для вас'}, 'simulated': False, 'closed': True, 'forced': False}
2025-10-20 04:20:24,722 [INFO] handclose: Gesture triggered at 1760923224.7203414 (info={'state': 'FIST', 'ts': 1760923224.7203414, 'note': 'triggered'})
2025-10-20 04:20:27,031 [INFO] handclose: Candidates to close: [('Диспетчер задач', 'Taskmgr.exe'), ('Яндекс Музыка — собираем музыку для вас', 'Яндекс Музыка.exe')]
2025-10-20 04:20:27,036 [INFO] app_manager: Posting WM_CLOSE to hwnd=329676 title=Диспетчер задач
2025-10-20 04:20:27,036 [ERROR] app_manager: Failed to post WM_CLOSE to hwnd=329676
Traceback (most recent call last):
  File "C:\Users\allah\Desktop\handengineering\app_manager.py", line 147, in close_application
    win32gui.PostMessage(hwnd, win32con.WM_CLOSE, 0, 0)
pywintypes.error: (5, 'PostMessage', 'Отказано в доступе.')
2025-10-20 04:20:31,132 [WARNING] app_manager: Process pid=14688 did not exit after WM_CLOSE — forcing termination
2025-10-20 04:20:31,278 [INFO] handclose: Close result: {'entry': {'hwnd': 329676, 'pid': 14688, 'exe': 'Taskmgr.exe', 'title': 'Диспетчер задач'}, 'simulated': False, 'closed': False, 'forced': True}
2025-10-20 04:20:31,278 [INFO] app_manager: Posting WM_CLOSE to hwnd=263696 title=Яндекс Музыка — собираем музыку для вас
2025-10-20 04:20:31,683 [INFO] handclose: Close result: {'entry': {'hwnd': 263696, 'pid': 12664, 'exe': 'Яндекс Музыка.exe', 'title': 'Яндекс Музыка — собираем музыку для вас'}, 'simulated': False, 'closed': True, 'forced': False}
2025-10-20 04:20:35,757 [INFO] handclose: Gesture triggered at 1760923235.7550747 (info={'state': 'FIST', 'ts': 1760923235.7550747, 'note': 'triggered'})
2025-10-20 04:20:36,806 [INFO] handclose: No candidate user windows to close.
2025-10-20 04:20:54,754 [INFO] handclose: Gesture triggered at 1760923254.7526515 (info={'state': 'FIST', 'ts': 1760923254.7526515, 'note': 'triggered'})
2025-10-20 04:20:56,149 [INFO] handclose: No candidate user windows to close.
2025-10-20 04:22:02,209 [INFO] handclose: Quitting by user request.
2025-10-20 04:22:03,753 [INFO] handclose: Loaded whitelist: ['explorer.exe', 'System', 'wininit.exe', 'services.exe', 'svchost.exe', 'System', 'Registry', 'Memory Compression', 'smss.exe', 'csrss.exe', 'wininit.exe', 'winlogon.exe', 'services.exe', 'lsass.exe', 'svchost.exe', 'explorer.exe', 'spoolsv.exe', 'dwm.exe', 'fontdrvhost.exe', 'ctfmon.exe', 'taskhostw.exe', 'RuntimeBroker.exe', 'ShellExperienceHost.exe', 'SearchApp.exe', 'StartMenuExperienceHost.exe', 'DroidCam.exe', 'DroidCamApp.exe', 'DroidCamClient.exe', 'droidcam_service.exe', 'SecurityHealthService.exe', 'SecurityHealthSystray.exe', 'MsMpEng.exe', 'nvcontainer.exe', 'nvidia-container.exe', 'audiodg.exe', 'sihost.exe', 'winlogon.exe', 'conhost.exe', 'browser.exe', 'yandex.exe', 'YandexBrowser.exe', 'obs64.exe', 'obs32.exe', 'Discord.exe', 'steam.exe', 'steamservice.exe', 'steamwebhelper.exe', 'YandexMusic.exe', 'Yandex Музыка.exe', 'Yandex.Music.exe', 'music.yandex.exe', 'Code.exe', 'Telegram.exe', 'telegram.exe']
2025-10-20 04:22:04,042 [INFO] handclose: Starting camera loop. Simulate=False AutoExec=True RequireConfirmation=True Source=index:0/auto
2025-10-20 04:22:09,195 [INFO] handclose: Quitting by user request.
2025-10-20 04:22:13,229 [INFO] handclose: Loaded whitelist: ['explorer.exe', 'System', 'wininit.exe', 'services.exe', 'svchost.exe', 'System', 'Registry', 'Memory Compression', 'smss.exe', 'csrss.exe', 'wininit.exe', 'winlogon.exe', 'services.exe', 'lsass.exe', 'svchost.exe', 'explorer.exe', 'spoolsv.exe', 'dwm.exe', 'fontdrvhost.exe', 'ctfmon.exe', 'taskhostw.exe', 'RuntimeBroker.exe', 'ShellExperienceHost.exe', 'SearchApp.exe', 'StartMenuExperienceHost.exe', 'DroidCam.exe', 'DroidCamApp.exe', 'DroidCamClient.exe', 'droidcam_service.exe', 'SecurityHealthService.exe', 'SecurityHealthSystray.exe', 'MsMpEng.exe', 'nvcontainer.exe', 'nvidia-container.exe', 'audiodg.exe', 'sihost.exe', 'winlogon.exe', 'conhost.exe', 'browser.exe', 'yandex.exe', 'YandexBrowser.exe', 'obs64.exe', 'obs32.exe', 'Discord.exe', 'steam.exe', 'steamservice.exe', 'steamwebhelper.exe', 'YandexMusic.exe', 'Yandex Музыка.exe', 'Yandex.Music.exe', 'music.yandex.exe', 'Code.exe', 'Telegram.exe', 'telegram.exe']
2025-10-20 04:22:13,534 [INFO] handclose: Starting camera loop. Simulate=False AutoExec=True RequireConfirmation=True Source=index:0/auto
2025-10-20 04:22:21,557 [INFO] handclose: Gesture triggered at 1760923341.5554597 (info={'state': 'FIST', 'ts': 1760923341.5554597, 'note': 'triggered'})
2025-10-20 04:22:23,190 [INFO] handclose: Candidates to close: [('Яндекс Музыка — собираем музыку для вас', 'Яндекс Музыка.exe')]
2025-10-20 04:22:23,196 [INFO] app_manager: Posting WM_CLOSE to hwnd=394212 title=Яндекс Музыка — собираем музыку для вас
2025-10-20 04:22:23,602 [INFO] handclose: Close result: {'entry': {'hwnd': 394212, 'pid': 448, 'exe': 'Яндекс Музыка.exe', 'title': 'Яндекс Музыка — собираем музыку для вас'}, 'simulated': False, 'closed': True, 'forced': False}
2025-10-20 04:22:54,617 [INFO] handclose: Quitting by user request.
2025-10-20 04:23:50,007 [INFO] handclose: Loaded whitelist: ['explorer.exe', 'System', 'wininit.exe', 'services.exe', 'svchost.exe', 'System', 'Registry', 'Memory Compression', 'smss.exe', 'csrss.exe', 'wininit.exe', 'winlogon.exe', 'services.exe', 'lsass.exe', 'svchost.exe', 'explorer.exe', 'spoolsv.exe', 'dwm.exe', 'fontdrvhost.exe', 'ctfmon.exe', 'taskhostw.exe', 'RuntimeBroker.exe', 'ShellExperienceHost.exe', 'SearchApp.exe', 'StartMenuExperienceHost.exe', 'DroidCam.exe', 'DroidCamApp.exe', 'DroidCamClient.exe', 'droidcam_service.exe', 'SecurityHealthService.exe', 'SecurityHealthSystray.exe', 'MsMpEng.exe', 'nvcontainer.exe', 'nvidia-container.exe', 'audiodg.exe', 'sihost.exe', 'winlogon.exe', 'conhost.exe', 'browser.exe', 'yandex.exe', 'YandexBrowser.exe', 'obs64.exe', 'obs32.exe', 'steam.exe', 'steamservice.exe', 'steamwebhelper.exe', 'YandexMusic.exe', 'Yandex Музыка.exe', 'Yandex.Music.exe', 'music.yandex.exe', 'Яндекс Музыка.exe', 'Code.exe', 'Telegram.exe', 'telegram.exe']
2025-10-20 04:23:50,394 [INFO] handclose: Starting camera loop. Simulate=False AutoExec=True RequireConfirmation=True Source=index:0/auto
2025-10-20 04:23:51,120 [INFO] handclose: Gesture triggered at 1760923431.118346 (info={'state': 'FIST', 'ts': 1760923431.118346, 'note': 'triggered'})
2025-10-20 04:24:10,970 [INFO] handclose: Gesture triggered at 1760923450.9673262 (info={'state': 'FIST', 'ts': 1760923450.9673262, 'note': 'triggered'})
2025-10-20 04:24:13,822 [INFO] handclose: Candidates to close: [('AyuGram (336977)', 'AyuGram.exe'), ('Друзья - Discord', 'Discord.exe')]
2025-10-20 04:24:13,826 [INFO] app_manager: Posting WM_CLOSE to hwnd=787168 title=AyuGram (336977)
2025-10-20 04:24:17,898 [WARNING] app_manager: Process pid=13200 did not exit after WM_CLOSE — forcing termination
2025-10-20 04:24:18,064 [INFO] handclose: Close result: {'entry': {'hwnd': 787168, 'pid': 13200, 'exe': 'AyuGram.exe', 'title': 'AyuGram (336977)'}, 'simulated': False, 'closed': False, 'forced': True}
2025-10-20 04:24:18,066 [INFO] app_manager: Posting WM_CLOSE to hwnd=197684 title=Друзья - Discord
2025-10-20 04:24:22,219 [WARNING] app_manager: Process pid=11816 did not exit after WM_CLOSE — forcing termination
2025-10-20 04:24:22,396 [INFO] handclose: Close result: {'entry': {'hwnd': 197684, 'pid': 11816, 'exe': 'Discord.exe', 'title': 'Друзья - Discord'}, 'simulated': False, 'closed': False, 'forced': True}
2025-10-20 04:24:44,668 [INFO] handclose: Gesture triggered at 1760923484.6668193 (info={'state': 'FIST', 'ts': 1760923484.6668193, 'note': 'triggered'})
2025-10-20 04:25:08,410 [INFO] handclose: Gesture triggered at 1760923508.4080937 (info={'state': 'FIST', 'ts': 1760923508.4080937, 'note': 'triggered'})
2025-10-20 04:26:28,059 [INFO] handclose: Quitting by user request.
